Archive member included because of file (symbol)

c:/program files (x86)/atmel/atmel toolchain/avr8 gcc/native/3.4.1056/avr8-gnu-toolchain/bin/../lib/gcc/avr/4.8.1/avr5\libgcc.a(_exit.o)
                              c:/program files (x86)/atmel/atmel toolchain/avr8 gcc/native/3.4.1056/avr8-gnu-toolchain/bin/../lib/gcc/avr/4.8.1/../../../../avr/lib/avr5/crtm32.o (exit)
c:/program files (x86)/atmel/atmel toolchain/avr8 gcc/native/3.4.1056/avr8-gnu-toolchain/bin/../lib/gcc/avr/4.8.1/avr5\libgcc.a(_tablejump.o)
                              main.o (__tablejump2__)
c:/program files (x86)/atmel/atmel toolchain/avr8 gcc/native/3.4.1056/avr8-gnu-toolchain/bin/../lib/gcc/avr/4.8.1/avr5\libgcc.a(_copy_data.o)
                              main.o (__do_copy_data)
c:/program files (x86)/atmel/atmel toolchain/avr8 gcc/native/3.4.1056/avr8-gnu-toolchain/bin/../lib/gcc/avr/4.8.1/avr5\libgcc.a(_clear_bss.o)
                              croutine.o (__do_clear_bss)
c:/program files (x86)/atmel/atmel toolchain/avr8 gcc/native/3.4.1056/avr8-gnu-toolchain/bin/../lib/gcc/avr/4.8.1/../../../../avr/lib/avr5\libc.a(memcpy.o)
                              queue.o (memcpy)
c:/program files (x86)/atmel/atmel toolchain/avr8 gcc/native/3.4.1056/avr8-gnu-toolchain/bin/../lib/gcc/avr/4.8.1/../../../../avr/lib/avr5\libc.a(memset.o)
                              tasks.o (memset)
c:/program files (x86)/atmel/atmel toolchain/avr8 gcc/native/3.4.1056/avr8-gnu-toolchain/bin/../lib/gcc/avr/4.8.1/../../../../avr/lib/avr5\libc.a(strncpy.o)
                              tasks.o (strncpy)

Allocating common symbols
Common symbol       size              file

led_state           0x1               main.o

Discarded input sections

 .bss           0x00000000        0x0 c:/program files (x86)/atmel/atmel toolchain/avr8 gcc/native/3.4.1056/avr8-gnu-toolchain/bin/../lib/gcc/avr/4.8.1/../../../../avr/lib/avr5/crtm32.o
 .group         0x00000000        0x8 croutine.o
 .group         0x00000000        0x8 croutine.o
 .group         0x00000000        0x8 croutine.o
 .group         0x00000000        0x8 croutine.o
 .group         0x00000000        0x8 croutine.o
 .group         0x00000000        0x8 croutine.o
 .group         0x00000000        0x8 croutine.o
 .group         0x00000000        0x8 croutine.o
 .group         0x00000000        0x8 croutine.o
 .group         0x00000000        0x8 croutine.o
 .group         0x00000000        0x8 croutine.o
 .group         0x00000000        0x8 croutine.o
 .group         0x00000000        0x8 croutine.o
 .group         0x00000000        0x8 croutine.o
 .group         0x00000000        0x8 croutine.o
 .group         0x00000000        0x8 croutine.o
 .group         0x00000000        0x8 croutine.o
 .group         0x00000000        0x8 croutine.o
 .group         0x00000000        0x8 croutine.o
 .group         0x00000000        0x8 croutine.o
 .group         0x00000000        0x8 croutine.o
 .text          0x00000000        0x0 croutine.o
 .bss           0x00000000        0x0 croutine.o
 .text.xCoRoutineCreate
                0x00000000       0xfa croutine.o
 .text.vCoRoutineAddToDelayedList
                0x00000000       0x8c croutine.o
 .text.vCoRoutineSchedule
                0x00000000      0x24e croutine.o
 .text.xCoRoutineRemoveFromEventList
                0x00000000       0x4a croutine.o
 .bss.xPassedTicks
                0x00000000        0x2 croutine.o
 .bss.xLastTickCount
                0x00000000        0x2 croutine.o
 .bss.xCoRoutineTickCount
                0x00000000        0x2 croutine.o
 .bss.uxTopCoRoutineReadyPriority
                0x00000000        0x1 croutine.o
 .bss.pxCurrentCoRoutine
                0x00000000        0x2 croutine.o
 .bss.xPendingReadyCoRoutineList
                0x00000000        0x9 croutine.o
 .bss.pxOverflowDelayedCoRoutineList
                0x00000000        0x2 croutine.o
 .bss.pxDelayedCoRoutineList
                0x00000000        0x2 croutine.o
 .bss.xDelayedCoRoutineList2
                0x00000000        0x9 croutine.o
 .bss.xDelayedCoRoutineList1
                0x00000000        0x9 croutine.o
 .bss.pxReadyCoRoutineLists
                0x00000000       0x12 croutine.o
 .group         0x00000000        0x8 heap_1.o
 .group         0x00000000        0x8 heap_1.o
 .group         0x00000000        0x8 heap_1.o
 .group         0x00000000        0x8 heap_1.o
 .group         0x00000000        0x8 heap_1.o
 .group         0x00000000        0x8 heap_1.o
 .group         0x00000000        0x8 heap_1.o
 .group         0x00000000        0x8 heap_1.o
 .group         0x00000000        0x8 heap_1.o
 .group         0x00000000        0x8 heap_1.o
 .group         0x00000000        0x8 heap_1.o
 .group         0x00000000        0x8 heap_1.o
 .group         0x00000000        0x8 heap_1.o
 .group         0x00000000        0x8 heap_1.o
 .group         0x00000000        0x8 heap_1.o
 .group         0x00000000        0x8 heap_1.o
 .group         0x00000000        0x8 heap_1.o
 .group         0x00000000        0x8 heap_1.o
 .group         0x00000000        0x8 heap_1.o
 .group         0x00000000        0x8 heap_1.o
 .group         0x00000000        0x8 heap_1.o
 .group         0x00000000        0x8 heap_1.o
 .group         0x00000000        0x8 heap_1.o
 .text          0x00000000        0x0 heap_1.o
 .bss           0x00000000        0x0 heap_1.o
 .text.vPortInitialiseBlocks
                0x00000000        0xa heap_1.o
 .text.xPortGetFreeHeapSize
                0x00000000       0x12 heap_1.o
 .debug_macro   0x00000000      0xa24 heap_1.o
 .debug_macro   0x00000000       0x46 heap_1.o
 .debug_macro   0x00000000       0x10 heap_1.o
 .debug_macro   0x00000000      0x1ad heap_1.o
 .debug_macro   0x00000000      0x293 heap_1.o
 .debug_macro   0x00000000       0x9e heap_1.o
 .debug_macro   0x00000000      0xbfa heap_1.o
 .debug_macro   0x00000000      0x170 heap_1.o
 .debug_macro   0x00000000       0xbd heap_1.o
 .debug_macro   0x00000000       0x34 heap_1.o
 .debug_macro   0x00000000       0x18 heap_1.o
 .debug_macro   0x00000000       0x6c heap_1.o
 .debug_macro   0x00000000       0x88 heap_1.o
 .debug_macro   0x00000000       0x7f heap_1.o
 .debug_macro   0x00000000       0x12 heap_1.o
 .debug_macro   0x00000000       0x1f heap_1.o
 .debug_macro   0x00000000      0x211 heap_1.o
 .debug_macro   0x00000000       0x49 heap_1.o
 .debug_macro   0x00000000       0x57 heap_1.o
 .group         0x00000000        0x8 list.o
 .group         0x00000000        0x8 list.o
 .group         0x00000000        0x8 list.o
 .group         0x00000000        0x8 list.o
 .group         0x00000000        0x8 list.o
 .group         0x00000000        0x8 list.o
 .group         0x00000000        0x8 list.o
 .group         0x00000000        0x8 list.o
 .group         0x00000000        0x8 list.o
 .group         0x00000000        0x8 list.o
 .group         0x00000000        0x8 list.o
 .group         0x00000000        0x8 list.o
 .group         0x00000000        0x8 list.o
 .group         0x00000000        0x8 list.o
 .group         0x00000000        0x8 list.o
 .group         0x00000000        0x8 list.o
 .group         0x00000000        0x8 list.o
 .group         0x00000000        0x8 list.o
 .group         0x00000000        0x8 list.o
 .group         0x00000000        0x8 list.o
 .group         0x00000000        0x8 list.o
 .group         0x00000000        0x8 list.o
 .text          0x00000000        0x0 list.o
 .bss           0x00000000        0x0 list.o
 .debug_macro   0x00000000      0xa24 list.o
 .debug_macro   0x00000000       0x1c list.o
 .debug_macro   0x00000000      0x10e list.o
 .debug_macro   0x00000000       0x66 list.o
 .debug_macro   0x00000000       0x7f list.o
 .debug_macro   0x00000000       0x46 list.o
 .debug_macro   0x00000000       0x10 list.o
 .debug_macro   0x00000000      0x1ad list.o
 .debug_macro   0x00000000      0x293 list.o
 .debug_macro   0x00000000       0x9e list.o
 .debug_macro   0x00000000      0xbfa list.o
 .debug_macro   0x00000000      0x170 list.o
 .debug_macro   0x00000000       0xbd list.o
 .debug_macro   0x00000000       0x34 list.o
 .debug_macro   0x00000000       0x18 list.o
 .debug_macro   0x00000000       0x6c list.o
 .debug_macro   0x00000000       0x88 list.o
 .debug_macro   0x00000000       0x7f list.o
 .debug_macro   0x00000000       0x12 list.o
 .debug_macro   0x00000000       0x1f list.o
 .debug_macro   0x00000000      0x211 list.o
 .debug_macro   0x00000000       0x49 list.o
 .group         0x00000000        0x8 main.o
 .group         0x00000000        0x8 main.o
 .group         0x00000000        0x8 main.o
 .group         0x00000000        0x8 main.o
 .group         0x00000000        0x8 main.o
 .group         0x00000000        0x8 main.o
 .group         0x00000000        0x8 main.o
 .group         0x00000000        0x8 main.o
 .group         0x00000000        0x8 main.o
 .group         0x00000000        0x8 main.o
 .group         0x00000000        0x8 main.o
 .group         0x00000000        0x8 main.o
 .group         0x00000000        0x8 main.o
 .group         0x00000000        0x8 main.o
 .group         0x00000000        0x8 main.o
 .group         0x00000000        0x8 main.o
 .group         0x00000000        0x8 main.o
 .group         0x00000000        0x8 main.o
 .group         0x00000000        0x8 main.o
 .group         0x00000000        0x8 main.o
 .group         0x00000000        0x8 main.o
 .group         0x00000000        0x8 main.o
 .group         0x00000000        0x8 main.o
 .group         0x00000000        0x8 main.o
 .group         0x00000000        0x8 main.o
 .group         0x00000000        0x8 main.o
 .group         0x00000000        0x8 main.o
 .group         0x00000000        0x8 main.o
 .group         0x00000000        0x8 main.o
 .group         0x00000000        0x8 main.o
 .group         0x00000000        0x8 main.o
 .group         0x00000000        0x8 main.o
 .group         0x00000000        0x8 main.o
 .group         0x00000000        0x8 main.o
 .group         0x00000000        0x8 main.o
 .group         0x00000000        0x8 main.o
 .text          0x00000000        0x0 main.o
 .bss           0x00000000        0x0 main.o
 .text.LEDS_Init
                0x00000000        0x6 main.o
 .text.LEDS_Tick
                0x00000000       0xa4 main.o
 .progmem.gcc_sw_table.LEDS_Tick
                0x00000000       0x24 main.o
 .debug_macro   0x00000000      0xa24 main.o
 .debug_macro   0x00000000      0x1ad main.o
 .debug_macro   0x00000000       0x1c main.o
 .debug_macro   0x00000000      0x10e main.o
 .debug_macro   0x00000000       0x66 main.o
 .debug_macro   0x00000000      0xbfa main.o
 .debug_macro   0x00000000      0x170 main.o
 .debug_macro   0x00000000       0xbd main.o
 .debug_macro   0x00000000       0x34 main.o
 .debug_macro   0x00000000       0x18 main.o
 .debug_macro   0x00000000       0x6c main.o
 .debug_macro   0x00000000       0x7f main.o
 .debug_macro   0x00000000       0x46 main.o
 .debug_macro   0x00000000       0x7f main.o
 .debug_macro   0x00000000       0x12 main.o
 .debug_macro   0x00000000       0x1f main.o
 .debug_macro   0x00000000      0x211 main.o
 .debug_macro   0x00000000       0x49 main.o
 .debug_macro   0x00000000       0x57 main.o
 .debug_macro   0x00000000       0x49 main.o
 .group         0x00000000        0x8 port.o
 .group         0x00000000        0x8 port.o
 .group         0x00000000        0x8 port.o
 .group         0x00000000        0x8 port.o
 .group         0x00000000        0x8 port.o
 .group         0x00000000        0x8 port.o
 .group         0x00000000        0x8 port.o
 .group         0x00000000        0x8 port.o
 .group         0x00000000        0x8 port.o
 .group         0x00000000        0x8 port.o
 .group         0x00000000        0x8 port.o
 .group         0x00000000        0x8 port.o
 .group         0x00000000        0x8 port.o
 .group         0x00000000        0x8 port.o
 .group         0x00000000        0x8 port.o
 .group         0x00000000        0x8 port.o
 .group         0x00000000        0x8 port.o
 .group         0x00000000        0x8 port.o
 .group         0x00000000        0x8 port.o
 .group         0x00000000        0x8 port.o
 .group         0x00000000        0x8 port.o
 .group         0x00000000        0x8 port.o
 .group         0x00000000        0x8 port.o
 .group         0x00000000        0x8 port.o
 .text          0x00000000        0x0 port.o
 .bss           0x00000000        0x0 port.o
 .text.vPortEndScheduler
                0x00000000        0x2 port.o
 .debug_macro   0x00000000      0xa24 port.o
 .debug_macro   0x00000000       0x1c port.o
 .debug_macro   0x00000000      0x10e port.o
 .debug_macro   0x00000000       0x66 port.o
 .debug_macro   0x00000000       0x10 port.o
 .debug_macro   0x00000000      0x1ad port.o
 .debug_macro   0x00000000      0x293 port.o
 .debug_macro   0x00000000       0x9e port.o
 .debug_macro   0x00000000      0xbfa port.o
 .debug_macro   0x00000000      0x170 port.o
 .debug_macro   0x00000000       0xbd port.o
 .debug_macro   0x00000000       0x34 port.o
 .debug_macro   0x00000000       0x18 port.o
 .debug_macro   0x00000000       0x6c port.o
 .debug_macro   0x00000000       0x7f port.o
 .debug_macro   0x00000000       0x46 port.o
 .debug_macro   0x00000000       0x8e port.o
 .debug_macro   0x00000000       0x7f port.o
 .debug_macro   0x00000000       0x12 port.o
 .debug_macro   0x00000000       0x1f port.o
 .debug_macro   0x00000000      0x211 port.o
 .debug_macro   0x00000000       0x49 port.o
 .debug_macro   0x00000000       0x57 port.o
 .group         0x00000000        0x8 queue.o
 .group         0x00000000        0x8 queue.o
 .group         0x00000000        0x8 queue.o
 .group         0x00000000        0x8 queue.o
 .group         0x00000000        0x8 queue.o
 .group         0x00000000        0x8 queue.o
 .group         0x00000000        0x8 queue.o
 .group         0x00000000        0x8 queue.o
 .group         0x00000000        0x8 queue.o
 .group         0x00000000        0x8 queue.o
 .group         0x00000000        0x8 queue.o
 .group         0x00000000        0x8 queue.o
 .group         0x00000000        0x8 queue.o
 .group         0x00000000        0x8 queue.o
 .group         0x00000000        0x8 queue.o
 .group         0x00000000        0x8 queue.o
 .group         0x00000000        0x8 queue.o
 .group         0x00000000        0x8 queue.o
 .group         0x00000000        0x8 queue.o
 .group         0x00000000        0x8 queue.o
 .group         0x00000000        0x8 queue.o
 .group         0x00000000        0x8 queue.o
 .group         0x00000000        0x8 queue.o
 .group         0x00000000        0x8 queue.o
 .group         0x00000000        0x8 queue.o
 .group         0x00000000        0x8 queue.o
 .text          0x00000000        0x0 queue.o
 .bss           0x00000000        0x0 queue.o
 .text.xQueueGenericReset
                0x00000000       0x66 queue.o
 .text.xQueueGenericCreate
                0x00000000       0x96 queue.o
 .text.xQueueGenericSend
                0x00000000      0x388 queue.o
 .text.xQueueGenericSendFromISR
                0x00000000       0xc0 queue.o
 .text.xQueueGenericReceive
                0x00000000      0x358 queue.o
 .text.xQueueReceiveFromISR
                0x00000000       0x8a queue.o
 .text.uxQueueMessagesWaiting
                0x00000000       0x10 queue.o
 .text.uxQueueMessagesWaitingFromISR
                0x00000000        0x6 queue.o
 .text.vQueueDelete
                0x00000000       0x18 queue.o
 .text.xQueueIsQueueEmptyFromISR
                0x00000000        0xc queue.o
 .text.xQueueIsQueueFullFromISR
                0x00000000        0xe queue.o
 .text.xQueueCRSend
                0x00000000       0xa2 queue.o
 .text.xQueueCRReceive
                0x00000000       0x90 queue.o
 .text.xQueueCRSendFromISR
                0x00000000       0x7a queue.o
 .text.xQueueCRReceiveFromISR
                0x00000000       0x7c queue.o
 .debug_macro   0x00000000      0xa24 queue.o
 .debug_macro   0x00000000       0x1c queue.o
 .debug_macro   0x00000000      0x10e queue.o
 .debug_macro   0x00000000       0x66 queue.o
 .debug_macro   0x00000000       0x16 queue.o
 .debug_macro   0x00000000       0x20 queue.o
 .debug_macro   0x00000000       0x7f queue.o
 .debug_macro   0x00000000       0x46 queue.o
 .debug_macro   0x00000000       0x10 queue.o
 .debug_macro   0x00000000      0x1ad queue.o
 .debug_macro   0x00000000      0x293 queue.o
 .debug_macro   0x00000000       0x9e queue.o
 .debug_macro   0x00000000      0xbfa queue.o
 .debug_macro   0x00000000      0x170 queue.o
 .debug_macro   0x00000000       0xbd queue.o
 .debug_macro   0x00000000       0x34 queue.o
 .debug_macro   0x00000000       0x18 queue.o
 .debug_macro   0x00000000       0x6c queue.o
 .debug_macro   0x00000000       0x88 queue.o
 .debug_macro   0x00000000       0x7f queue.o
 .debug_macro   0x00000000       0x12 queue.o
 .debug_macro   0x00000000       0x1f queue.o
 .debug_macro   0x00000000      0x211 queue.o
 .debug_macro   0x00000000       0x49 queue.o
 .debug_macro   0x00000000       0x57 queue.o
 .debug_macro   0x00000000       0x49 queue.o
 .group         0x00000000        0x8 tasks.o
 .group         0x00000000        0x8 tasks.o
 .group         0x00000000        0x8 tasks.o
 .group         0x00000000        0x8 tasks.o
 .group         0x00000000        0x8 tasks.o
 .group         0x00000000        0x8 tasks.o
 .group         0x00000000        0x8 tasks.o
 .group         0x00000000        0x8 tasks.o
 .group         0x00000000        0x8 tasks.o
 .group         0x00000000        0x8 tasks.o
 .group         0x00000000        0x8 tasks.o
 .group         0x00000000        0x8 tasks.o
 .group         0x00000000        0x8 tasks.o
 .group         0x00000000        0x8 tasks.o
 .group         0x00000000        0x8 tasks.o
 .group         0x00000000        0x8 tasks.o
 .group         0x00000000        0x8 tasks.o
 .group         0x00000000        0x8 tasks.o
 .group         0x00000000        0x8 tasks.o
 .group         0x00000000        0x8 tasks.o
 .group         0x00000000        0x8 tasks.o
 .group         0x00000000        0x8 tasks.o
 .group         0x00000000        0x8 tasks.o
 .group         0x00000000        0x8 tasks.o
 .group         0x00000000        0x8 tasks.o
 .group         0x00000000        0x8 tasks.o
 .group         0x00000000        0x8 tasks.o
 .group         0x00000000        0x8 tasks.o
 .group         0x00000000        0x8 tasks.o
 .group         0x00000000        0x8 tasks.o
 .text          0x00000000        0x0 tasks.o
 .bss           0x00000000        0x0 tasks.o
 .text.vTaskDelete
                0x00000000       0x94 tasks.o
 .text.vTaskEndScheduler
                0x00000000        0xa tasks.o
 .text.xTaskGetTickCount
                0x00000000       0x14 tasks.o
 .text.xTaskGetTickCountFromISR
                0x00000000        0xa tasks.o
 .text.uxTaskGetNumberOfTasks
                0x00000000        0x6 tasks.o
 .text.vTaskDelayUntil
                0x00000000       0xd2 tasks.o
 .text.vTaskPlaceOnEventList
                0x00000000       0x92 tasks.o
 .text.xTaskRemoveFromEventList
                0x00000000       0x8c tasks.o
 .text.vTaskSetTimeOutState
                0x00000000       0x16 tasks.o
 .text.xTaskCheckForTimeOut
                0x00000000       0x7c tasks.o
 .text.vTaskMissedYield
                0x00000000        0x8 tasks.o
 .debug_macro   0x00000000      0xa24 tasks.o
 .debug_macro   0x00000000      0x1ad tasks.o
 .debug_macro   0x00000000      0x293 tasks.o
 .debug_macro   0x00000000       0x58 tasks.o
 .debug_macro   0x00000000       0x10 tasks.o
 .debug_macro   0x00000000       0xeb tasks.o
 .debug_macro   0x00000000       0x1c tasks.o
 .debug_macro   0x00000000       0x66 tasks.o
 .debug_macro   0x00000000       0x16 tasks.o
 .debug_macro   0x00000000       0x20 tasks.o
 .debug_macro   0x00000000       0x7f tasks.o
 .debug_macro   0x00000000       0x46 tasks.o
 .debug_macro   0x00000000       0xaa tasks.o
 .debug_macro   0x00000000      0xbfa tasks.o
 .debug_macro   0x00000000      0x170 tasks.o
 .debug_macro   0x00000000       0xbd tasks.o
 .debug_macro   0x00000000       0x34 tasks.o
 .debug_macro   0x00000000       0x18 tasks.o
 .debug_macro   0x00000000       0x6c tasks.o
 .debug_macro   0x00000000       0x88 tasks.o
 .debug_macro   0x00000000       0x7f tasks.o
 .debug_macro   0x00000000       0x12 tasks.o
 .debug_macro   0x00000000       0x1f tasks.o
 .debug_macro   0x00000000      0x211 tasks.o
 .debug_macro   0x00000000       0x49 tasks.o
 .debug_macro   0x00000000       0x57 tasks.o
 .group         0x00000000        0x8 timers.o
 .group         0x00000000        0x8 timers.o
 .group         0x00000000        0x8 timers.o
 .group         0x00000000        0x8 timers.o
 .group         0x00000000        0x8 timers.o
 .group         0x00000000        0x8 timers.o
 .group         0x00000000        0x8 timers.o
 .group         0x00000000        0x8 timers.o
 .group         0x00000000        0x8 timers.o
 .group         0x00000000        0x8 timers.o
 .group         0x00000000        0x8 timers.o
 .group         0x00000000        0x8 timers.o
 .group         0x00000000        0x8 timers.o
 .group         0x00000000        0x8 timers.o
 .group         0x00000000        0x8 timers.o
 .group         0x00000000        0x8 timers.o
 .group         0x00000000        0x8 timers.o
 .group         0x00000000        0x8 timers.o
 .group         0x00000000        0x8 timers.o
 .group         0x00000000        0x8 timers.o
 .group         0x00000000        0x8 timers.o
 .group         0x00000000        0x8 timers.o
 .text          0x00000000        0x0 timers.o
 .bss           0x00000000        0x0 timers.o
 .debug_macro   0x00000000      0xa24 timers.o
 .debug_macro   0x00000000      0x166 timers.o
 .debug_macro   0x00000000       0x46 timers.o
 .debug_macro   0x00000000       0x10 timers.o
 .debug_macro   0x00000000      0x1ad timers.o
 .debug_macro   0x00000000      0x293 timers.o
 .debug_macro   0x00000000       0x9e timers.o
 .debug_macro   0x00000000      0xbfa timers.o
 .debug_macro   0x00000000      0x170 timers.o
 .debug_macro   0x00000000       0xbd timers.o
 .debug_macro   0x00000000       0x34 timers.o
 .debug_macro   0x00000000       0x18 timers.o
 .debug_macro   0x00000000       0x6c timers.o
 .debug_macro   0x00000000       0x88 timers.o
 .debug_macro   0x00000000       0x7f timers.o
 .debug_macro   0x00000000       0x12 timers.o
 .debug_macro   0x00000000       0x1f timers.o
 .debug_macro   0x00000000      0x211 timers.o
 .debug_macro   0x00000000       0x49 timers.o
 .debug_macro   0x00000000       0x57 timers.o
 .debug_macro   0x00000000       0x5b timers.o
 .text          0x00000000        0x0 c:/program files (x86)/atmel/atmel toolchain/avr8 gcc/native/3.4.1056/avr8-gnu-toolchain/bin/../lib/gcc/avr/4.8.1/avr5\libgcc.a(_exit.o)
 .bss           0x00000000        0x0 c:/program files (x86)/atmel/atmel toolchain/avr8 gcc/native/3.4.1056/avr8-gnu-toolchain/bin/../lib/gcc/avr/4.8.1/avr5\libgcc.a(_exit.o)
 .text.libgcc.mul
                0x00000000        0x0 c:/program files (x86)/atmel/atmel toolchain/avr8 gcc/native/3.4.1056/avr8-gnu-toolchain/bin/../lib/gcc/avr/4.8.1/avr5\libgcc.a(_exit.o)
 .text.libgcc.div
                0x00000000        0x0 c:/program files (x86)/atmel/atmel toolchain/avr8 gcc/native/3.4.1056/avr8-gnu-toolchain/bin/../lib/gcc/avr/4.8.1/avr5\libgcc.a(_exit.o)
 .text.libgcc   0x00000000        0x0 c:/program files (x86)/atmel/atmel toolchain/avr8 gcc/native/3.4.1056/avr8-gnu-toolchain/bin/../lib/gcc/avr/4.8.1/avr5\libgcc.a(_exit.o)
 .text.libgcc.prologue
                0x00000000        0x0 c:/program files (x86)/atmel/atmel toolchain/avr8 gcc/native/3.4.1056/avr8-gnu-toolchain/bin/../lib/gcc/avr/4.8.1/avr5\libgcc.a(_exit.o)
 .text.libgcc.builtins
                0x00000000        0x0 c:/program files (x86)/atmel/atmel toolchain/avr8 gcc/native/3.4.1056/avr8-gnu-toolchain/bin/../lib/gcc/avr/4.8.1/avr5\libgcc.a(_exit.o)
 .text.libgcc.fmul
                0x00000000        0x0 c:/program files (x86)/atmel/atmel toolchain/avr8 gcc/native/3.4.1056/avr8-gnu-toolchain/bin/../lib/gcc/avr/4.8.1/avr5\libgcc.a(_exit.o)
 .text.libgcc.fixed
                0x00000000        0x0 c:/program files (x86)/atmel/atmel toolchain/avr8 gcc/native/3.4.1056/avr8-gnu-toolchain/bin/../lib/gcc/avr/4.8.1/avr5\libgcc.a(_exit.o)
 .text          0x00000000        0x0 c:/program files (x86)/atmel/atmel toolchain/avr8 gcc/native/3.4.1056/avr8-gnu-toolchain/bin/../lib/gcc/avr/4.8.1/avr5\libgcc.a(_tablejump.o)
 .bss           0x00000000        0x0 c:/program files (x86)/atmel/atmel toolchain/avr8 gcc/native/3.4.1056/avr8-gnu-toolchain/bin/../lib/gcc/avr/4.8.1/avr5\libgcc.a(_tablejump.o)
 .text.libgcc.mul
                0x00000000        0x0 c:/program files (x86)/atmel/atmel toolchain/avr8 gcc/native/3.4.1056/avr8-gnu-toolchain/bin/../lib/gcc/avr/4.8.1/avr5\libgcc.a(_tablejump.o)
 .text.libgcc.div
                0x00000000        0x0 c:/program files (x86)/atmel/atmel toolchain/avr8 gcc/native/3.4.1056/avr8-gnu-toolchain/bin/../lib/gcc/avr/4.8.1/avr5\libgcc.a(_tablejump.o)
 .text.libgcc.prologue
                0x00000000        0x0 c:/program files (x86)/atmel/atmel toolchain/avr8 gcc/native/3.4.1056/avr8-gnu-toolchain/bin/../lib/gcc/avr/4.8.1/avr5\libgcc.a(_tablejump.o)
 .text.libgcc.builtins
                0x00000000        0x0 c:/program files (x86)/atmel/atmel toolchain/avr8 gcc/native/3.4.1056/avr8-gnu-toolchain/bin/../lib/gcc/avr/4.8.1/avr5\libgcc.a(_tablejump.o)
 .text.libgcc.fmul
                0x00000000        0x0 c:/program files (x86)/atmel/atmel toolchain/avr8 gcc/native/3.4.1056/avr8-gnu-toolchain/bin/../lib/gcc/avr/4.8.1/avr5\libgcc.a(_tablejump.o)
 .text.libgcc.fixed
                0x00000000        0x0 c:/program files (x86)/atmel/atmel toolchain/avr8 gcc/native/3.4.1056/avr8-gnu-toolchain/bin/../lib/gcc/avr/4.8.1/avr5\libgcc.a(_tablejump.o)
 .text          0x00000000        0x0 c:/program files (x86)/atmel/atmel toolchain/avr8 gcc/native/3.4.1056/avr8-gnu-toolchain/bin/../lib/gcc/avr/4.8.1/avr5\libgcc.a(_copy_data.o)
 .bss           0x00000000        0x0 c:/program files (x86)/atmel/atmel toolchain/avr8 gcc/native/3.4.1056/avr8-gnu-toolchain/bin/../lib/gcc/avr/4.8.1/avr5\libgcc.a(_copy_data.o)
 .text.libgcc.mul
                0x00000000        0x0 c:/program files (x86)/atmel/atmel toolchain/avr8 gcc/native/3.4.1056/avr8-gnu-toolchain/bin/../lib/gcc/avr/4.8.1/avr5\libgcc.a(_copy_data.o)
 .text.libgcc.div
                0x00000000        0x0 c:/program files (x86)/atmel/atmel toolchain/avr8 gcc/native/3.4.1056/avr8-gnu-toolchain/bin/../lib/gcc/avr/4.8.1/avr5\libgcc.a(_copy_data.o)
 .text.libgcc   0x00000000        0x0 c:/program files (x86)/atmel/atmel toolchain/avr8 gcc/native/3.4.1056/avr8-gnu-toolchain/bin/../lib/gcc/avr/4.8.1/avr5\libgcc.a(_copy_data.o)
 .text.libgcc.prologue
                0x00000000        0x0 c:/program files (x86)/atmel/atmel toolchain/avr8 gcc/native/3.4.1056/avr8-gnu-toolchain/bin/../lib/gcc/avr/4.8.1/avr5\libgcc.a(_copy_data.o)
 .text.libgcc.builtins
                0x00000000        0x0 c:/program files (x86)/atmel/atmel toolchain/avr8 gcc/native/3.4.1056/avr8-gnu-toolchain/bin/../lib/gcc/avr/4.8.1/avr5\libgcc.a(_copy_data.o)
 .text.libgcc.fmul
                0x00000000        0x0 c:/program files (x86)/atmel/atmel toolchain/avr8 gcc/native/3.4.1056/avr8-gnu-toolchain/bin/../lib/gcc/avr/4.8.1/avr5\libgcc.a(_copy_data.o)
 .text.libgcc.fixed
                0x00000000        0x0 c:/program files (x86)/atmel/atmel toolchain/avr8 gcc/native/3.4.1056/avr8-gnu-toolchain/bin/../lib/gcc/avr/4.8.1/avr5\libgcc.a(_copy_data.o)
 .text          0x00000000        0x0 c:/program files (x86)/atmel/atmel toolchain/avr8 gcc/native/3.4.1056/avr8-gnu-toolchain/bin/../lib/gcc/avr/4.8.1/avr5\libgcc.a(_clear_bss.o)
 .bss           0x00000000        0x0 c:/program files (x86)/atmel/atmel toolchain/avr8 gcc/native/3.4.1056/avr8-gnu-toolchain/bin/../lib/gcc/avr/4.8.1/avr5\libgcc.a(_clear_bss.o)
 .text.libgcc.mul
                0x00000000        0x0 c:/program files (x86)/atmel/atmel toolchain/avr8 gcc/native/3.4.1056/avr8-gnu-toolchain/bin/../lib/gcc/avr/4.8.1/avr5\libgcc.a(_clear_bss.o)
 .text.libgcc.div
                0x00000000        0x0 c:/program files (x86)/atmel/atmel toolchain/avr8 gcc/native/3.4.1056/avr8-gnu-toolchain/bin/../lib/gcc/avr/4.8.1/avr5\libgcc.a(_clear_bss.o)
 .text.libgcc   0x00000000        0x0 c:/program files (x86)/atmel/atmel toolchain/avr8 gcc/native/3.4.1056/avr8-gnu-toolchain/bin/../lib/gcc/avr/4.8.1/avr5\libgcc.a(_clear_bss.o)
 .text.libgcc.prologue
                0x00000000        0x0 c:/program files (x86)/atmel/atmel toolchain/avr8 gcc/native/3.4.1056/avr8-gnu-toolchain/bin/../lib/gcc/avr/4.8.1/avr5\libgcc.a(_clear_bss.o)
 .text.libgcc.builtins
                0x00000000        0x0 c:/program files (x86)/atmel/atmel toolchain/avr8 gcc/native/3.4.1056/avr8-gnu-toolchain/bin/../lib/gcc/avr/4.8.1/avr5\libgcc.a(_clear_bss.o)
 .text.libgcc.fmul
                0x00000000        0x0 c:/program files (x86)/atmel/atmel toolchain/avr8 gcc/native/3.4.1056/avr8-gnu-toolchain/bin/../lib/gcc/avr/4.8.1/avr5\libgcc.a(_clear_bss.o)
 .text.libgcc.fixed
                0x00000000        0x0 c:/program files (x86)/atmel/atmel toolchain/avr8 gcc/native/3.4.1056/avr8-gnu-toolchain/bin/../lib/gcc/avr/4.8.1/avr5\libgcc.a(_clear_bss.o)
 .text          0x00000000        0x0 c:/program files (x86)/atmel/atmel toolchain/avr8 gcc/native/3.4.1056/avr8-gnu-toolchain/bin/../lib/gcc/avr/4.8.1/../../../../avr/lib/avr5\libc.a(memcpy.o)
 .bss           0x00000000        0x0 c:/program files (x86)/atmel/atmel toolchain/avr8 gcc/native/3.4.1056/avr8-gnu-toolchain/bin/../lib/gcc/avr/4.8.1/../../../../avr/lib/avr5\libc.a(memcpy.o)
 .text.avr-libc
                0x00000000       0x12 c:/program files (x86)/atmel/atmel toolchain/avr8 gcc/native/3.4.1056/avr8-gnu-toolchain/bin/../lib/gcc/avr/4.8.1/../../../../avr/lib/avr5\libc.a(memcpy.o)
 .text          0x00000000        0x0 c:/program files (x86)/atmel/atmel toolchain/avr8 gcc/native/3.4.1056/avr8-gnu-toolchain/bin/../lib/gcc/avr/4.8.1/../../../../avr/lib/avr5\libc.a(memset.o)
 .bss           0x00000000        0x0 c:/program files (x86)/atmel/atmel toolchain/avr8 gcc/native/3.4.1056/avr8-gnu-toolchain/bin/../lib/gcc/avr/4.8.1/../../../../avr/lib/avr5\libc.a(memset.o)
 .text          0x00000000        0x0 c:/program files (x86)/atmel/atmel toolchain/avr8 gcc/native/3.4.1056/avr8-gnu-toolchain/bin/../lib/gcc/avr/4.8.1/../../../../avr/lib/avr5\libc.a(strncpy.o)
 .bss           0x00000000        0x0 c:/program files (x86)/atmel/atmel toolchain/avr8 gcc/native/3.4.1056/avr8-gnu-toolchain/bin/../lib/gcc/avr/4.8.1/../../../../avr/lib/avr5\libc.a(strncpy.o)

Memory Configuration

Name             Origin             Length             Attributes
text             0x00000000         0x00020000         xr
data             0x00800060         0x0000ffa0         rw !x
eeprom           0x00810000         0x00010000         rw !x
fuse             0x00820000         0x00000400         rw !x
lock             0x00830000         0x00000400         rw !x
signature        0x00840000         0x00000400         rw !x
user_signatures  0x00850000         0x00000400         rw !x
*default*        0x00000000         0xffffffff

Linker script and memory map

LOAD c:/program files (x86)/atmel/atmel toolchain/avr8 gcc/native/3.4.1056/avr8-gnu-toolchain/bin/../lib/gcc/avr/4.8.1/../../../../avr/lib/avr5/crtm32.o
LOAD croutine.o
LOAD heap_1.o
LOAD list.o
LOAD main.o
LOAD port.o
LOAD queue.o
LOAD tasks.o
LOAD timers.o
START GROUP
LOAD c:/program files (x86)/atmel/atmel toolchain/avr8 gcc/native/3.4.1056/avr8-gnu-toolchain/bin/../lib/gcc/avr/4.8.1/../../../../avr/lib/avr5\libm.a
END GROUP
START GROUP
LOAD c:/program files (x86)/atmel/atmel toolchain/avr8 gcc/native/3.4.1056/avr8-gnu-toolchain/bin/../lib/gcc/avr/4.8.1/avr5\libgcc.a
LOAD c:/program files (x86)/atmel/atmel toolchain/avr8 gcc/native/3.4.1056/avr8-gnu-toolchain/bin/../lib/gcc/avr/4.8.1/../../../../avr/lib/avr5\libm.a
LOAD c:/program files (x86)/atmel/atmel toolchain/avr8 gcc/native/3.4.1056/avr8-gnu-toolchain/bin/../lib/gcc/avr/4.8.1/../../../../avr/lib/avr5\libc.a
END GROUP

.hash
 *(.hash)

.dynsym
 *(.dynsym)

.dynstr
 *(.dynstr)

.gnu.version
 *(.gnu.version)

.gnu.version_d
 *(.gnu.version_d)

.gnu.version_r
 *(.gnu.version_r)

.rel.init
 *(.rel.init)

.rela.init
 *(.rela.init)

.rel.text
 *(.rel.text)
 *(.rel.text.*)
 *(.rel.gnu.linkonce.t*)

.rela.text
 *(.rela.text)
 *(.rela.text.*)
 *(.rela.gnu.linkonce.t*)

.rel.fini
 *(.rel.fini)

.rela.fini
 *(.rela.fini)

.rel.rodata
 *(.rel.rodata)
 *(.rel.rodata.*)
 *(.rel.gnu.linkonce.r*)

.rela.rodata
 *(.rela.rodata)
 *(.rela.rodata.*)
 *(.rela.gnu.linkonce.r*)

.rel.data
 *(.rel.data)
 *(.rel.data.*)
 *(.rel.gnu.linkonce.d*)

.rela.data
 *(.rela.data)
 *(.rela.data.*)
 *(.rela.gnu.linkonce.d*)

.rel.ctors
 *(.rel.ctors)

.rela.ctors
 *(.rela.ctors)

.rel.dtors
 *(.rel.dtors)

.rela.dtors
 *(.rela.dtors)

.rel.got
 *(.rel.got)

.rela.got
 *(.rela.got)

.rel.bss
 *(.rel.bss)

.rela.bss
 *(.rela.bss)

.rel.plt
 *(.rel.plt)

.rela.plt
 *(.rela.plt)

.text           0x00000000      0xe32
 *(.vectors)
 .vectors       0x00000000       0x54 c:/program files (x86)/atmel/atmel toolchain/avr8 gcc/native/3.4.1056/avr8-gnu-toolchain/bin/../lib/gcc/avr/4.8.1/../../../../avr/lib/avr5/crtm32.o
                0x00000000                __vector_default
                0x00000000                __vectors
 *(.vectors)
 *(.progmem.gcc*)
 .progmem.gcc_sw_table.LedSecTask
                0x00000054       0x24 main.o
                0x00000078                . = ALIGN (0x2)
                0x00000078                __trampolines_start = .
 *(.trampolines)
 .trampolines   0x00000078        0x0 linker stubs
 *(.trampolines*)
                0x00000078                __trampolines_end = .
 *(.progmem*)
                0x00000078                . = ALIGN (0x2)
 *(.jumptables)
 *(.jumptables*)
 *(.lowtext)
 *(.lowtext*)
                0x00000078                __ctors_start = .
 *(.ctors)
                0x00000078                __ctors_end = .
                0x00000078                __dtors_start = .
 *(.dtors)
                0x00000078                __dtors_end = .
 SORT(*)(.ctors)
 SORT(*)(.dtors)
 *(.init0)
 .init0         0x00000078        0x0 c:/program files (x86)/atmel/atmel toolchain/avr8 gcc/native/3.4.1056/avr8-gnu-toolchain/bin/../lib/gcc/avr/4.8.1/../../../../avr/lib/avr5/crtm32.o
                0x00000078                __init
 *(.init0)
 *(.init1)
 *(.init1)
 *(.init2)
 .init2         0x00000078        0xc c:/program files (x86)/atmel/atmel toolchain/avr8 gcc/native/3.4.1056/avr8-gnu-toolchain/bin/../lib/gcc/avr/4.8.1/../../../../avr/lib/avr5/crtm32.o
 *(.init2)
 *(.init3)
 *(.init3)
 *(.init4)
 .init4         0x00000084       0x16 c:/program files (x86)/atmel/atmel toolchain/avr8 gcc/native/3.4.1056/avr8-gnu-toolchain/bin/../lib/gcc/avr/4.8.1/avr5\libgcc.a(_copy_data.o)
                0x00000084                __do_copy_data
 .init4         0x0000009a       0x10 c:/program files (x86)/atmel/atmel toolchain/avr8 gcc/native/3.4.1056/avr8-gnu-toolchain/bin/../lib/gcc/avr/4.8.1/avr5\libgcc.a(_clear_bss.o)
                0x0000009a                __do_clear_bss
 *(.init4)
 *(.init5)
 *(.init5)
 *(.init6)
 *(.init6)
 *(.init7)
 *(.init7)
 *(.init8)
 *(.init8)
 *(.init9)
 .init9         0x000000aa        0x8 c:/program files (x86)/atmel/atmel toolchain/avr8 gcc/native/3.4.1056/avr8-gnu-toolchain/bin/../lib/gcc/avr/4.8.1/../../../../avr/lib/avr5/crtm32.o
 *(.init9)
 *(.text)
 .text          0x000000b2        0x4 c:/program files (x86)/atmel/atmel toolchain/avr8 gcc/native/3.4.1056/avr8-gnu-toolchain/bin/../lib/gcc/avr/4.8.1/../../../../avr/lib/avr5/crtm32.o
                0x000000b2                __vector_1
                0x000000b2                __vector_12
                0x000000b2                __bad_interrupt
                0x000000b2                __vector_6
                0x000000b2                __vector_3
                0x000000b2                __vector_11
                0x000000b2                __vector_13
                0x000000b2                __vector_17
                0x000000b2                __vector_19
                0x000000b2                __vector_5
                0x000000b2                __vector_4
                0x000000b2                __vector_9
                0x000000b2                __vector_2
                0x000000b2                __vector_15
                0x000000b2                __vector_8
                0x000000b2                __vector_14
                0x000000b2                __vector_10
                0x000000b2                __vector_16
                0x000000b2                __vector_18
                0x000000b2                __vector_20
                0x000000b6                . = ALIGN (0x2)
 *(.text.*)
 .text.pvPortMalloc
                0x000000b6       0x50 heap_1.o
                0x000000b6                pvPortMalloc
 .text.vPortFree
                0x00000106        0x2 heap_1.o
                0x00000106                vPortFree
 .text.vListInitialise
                0x00000108       0x1c list.o
                0x00000108                vListInitialise
 .text.vListInitialiseItem
                0x00000124        0x8 list.o
                0x00000124                vListInitialiseItem
 .text.vListInsertEnd
                0x0000012c       0x46 list.o
                0x0000012c                vListInsertEnd
 .text.vListInsert
                0x00000172       0x76 list.o
                0x00000172                vListInsert
 .text.vListRemove
                0x000001e8       0x58 list.o
                0x000001e8                vListRemove
 .text.LedSecTask
                0x00000240       0xca main.o
                0x00000240                LedSecTask
 .text.StartSecPulse
                0x0000030a       0x40 main.o
                0x0000030a                StartSecPulse
 .text.startup.main
                0x0000034a       0x18 main.o
                0x0000034a                main
 .text.pxPortInitialiseStack
                0x00000362       0xd8 port.o
                0x00000362                pxPortInitialiseStack
 .text.xPortStartScheduler
                0x0000043a       0x6a port.o
                0x0000043a                xPortStartScheduler
 .text.vPortYield
                0x000004a4       0xb2 port.o
                0x000004a4                vPortYield
 .text.vPortYieldFromTick
                0x00000556       0xb6 port.o
                0x00000556                vPortYieldFromTick
 .text.__vector_7
                0x0000060c        0x6 port.o
                0x0000060c                __vector_7
 .text.xTaskGenericCreate
                0x00000612      0x216 tasks.o
                0x00000612                xTaskGenericCreate
 .text.vTaskStartScheduler
                0x00000828      0x1ce tasks.o
                0x00000828                vTaskStartScheduler
 .text.vTaskSuspendAll
                0x000009f6        0xc tasks.o
                0x000009f6                vTaskSuspendAll
 .text.vTaskIncrementTick
                0x00000a02      0x16c tasks.o
                0x00000a02                vTaskIncrementTick
 .text.xTaskResumeAll
                0x00000b6e       0xe8 tasks.o
                0x00000b6e                xTaskResumeAll
 .text.vTaskDelay
                0x00000c56       0x9e tasks.o
                0x00000c56                vTaskDelay
 .text.prvIdleTask
                0x00000cf4       0x6e tasks.o
 .text.vTaskSwitchContext
                0x00000d62       0x94 tasks.o
                0x00000d62                vTaskSwitchContext
 .text.libgcc   0x00000df6        0xc c:/program files (x86)/atmel/atmel toolchain/avr8 gcc/native/3.4.1056/avr8-gnu-toolchain/bin/../lib/gcc/avr/4.8.1/avr5\libgcc.a(_tablejump.o)
                0x00000df6                __tablejump2__
                0x00000dfa                __tablejump__
 .text.avr-libc
                0x00000e02        0xe c:/program files (x86)/atmel/atmel toolchain/avr8 gcc/native/3.4.1056/avr8-gnu-toolchain/bin/../lib/gcc/avr/4.8.1/../../../../avr/lib/avr5\libc.a(memset.o)
                0x00000e02                memset
 .text.avr-libc
                0x00000e10       0x1e c:/program files (x86)/atmel/atmel toolchain/avr8 gcc/native/3.4.1056/avr8-gnu-toolchain/bin/../lib/gcc/avr/4.8.1/../../../../avr/lib/avr5\libc.a(strncpy.o)
                0x00000e10                strncpy
                0x00000e2e                . = ALIGN (0x2)
 *(.fini9)
 .fini9         0x00000e2e        0x0 c:/program files (x86)/atmel/atmel toolchain/avr8 gcc/native/3.4.1056/avr8-gnu-toolchain/bin/../lib/gcc/avr/4.8.1/avr5\libgcc.a(_exit.o)
                0x00000e2e                _exit
                0x00000e2e                exit
 *(.fini9)
 *(.fini8)
 *(.fini8)
 *(.fini7)
 *(.fini7)
 *(.fini6)
 *(.fini6)
 *(.fini5)
 *(.fini5)
 *(.fini4)
 *(.fini4)
 *(.fini3)
 *(.fini3)
 *(.fini2)
 *(.fini2)
 *(.fini1)
 *(.fini1)
 *(.fini0)
 .fini0         0x00000e2e        0x4 c:/program files (x86)/atmel/atmel toolchain/avr8 gcc/native/3.4.1056/avr8-gnu-toolchain/bin/../lib/gcc/avr/4.8.1/avr5\libgcc.a(_exit.o)
 *(.fini0)
                0x00000e32                _etext = .

.data           0x00800060       0x12 load address 0x00000e32
                0x00800060                PROVIDE (__data_start, .)
 *(.data)
 .data          0x00800060        0x0 c:/program files (x86)/atmel/atmel toolchain/avr8 gcc/native/3.4.1056/avr8-gnu-toolchain/bin/../lib/gcc/avr/4.8.1/../../../../avr/lib/avr5/crtm32.o
 .data          0x00800060        0x0 croutine.o
 .data          0x00800060        0x0 heap_1.o
 .data          0x00800060        0x0 list.o
 .data          0x00800060        0x0 main.o
 .data          0x00800060        0x0 port.o
 .data          0x00800060        0x0 queue.o
 .data          0x00800060        0x0 tasks.o
 .data          0x00800060        0x0 timers.o
 .data          0x00800060        0x0 c:/program files (x86)/atmel/atmel toolchain/avr8 gcc/native/3.4.1056/avr8-gnu-toolchain/bin/../lib/gcc/avr/4.8.1/avr5\libgcc.a(_exit.o)
 .data          0x00800060        0x0 c:/program files (x86)/atmel/atmel toolchain/avr8 gcc/native/3.4.1056/avr8-gnu-toolchain/bin/../lib/gcc/avr/4.8.1/avr5\libgcc.a(_tablejump.o)
 .data          0x00800060        0x0 c:/program files (x86)/atmel/atmel toolchain/avr8 gcc/native/3.4.1056/avr8-gnu-toolchain/bin/../lib/gcc/avr/4.8.1/avr5\libgcc.a(_copy_data.o)
 .data          0x00800060        0x0 c:/program files (x86)/atmel/atmel toolchain/avr8 gcc/native/3.4.1056/avr8-gnu-toolchain/bin/../lib/gcc/avr/4.8.1/avr5\libgcc.a(_clear_bss.o)
 .data          0x00800060        0x0 c:/program files (x86)/atmel/atmel toolchain/avr8 gcc/native/3.4.1056/avr8-gnu-toolchain/bin/../lib/gcc/avr/4.8.1/../../../../avr/lib/avr5\libc.a(memcpy.o)
 .data          0x00800060        0x0 c:/program files (x86)/atmel/atmel toolchain/avr8 gcc/native/3.4.1056/avr8-gnu-toolchain/bin/../lib/gcc/avr/4.8.1/../../../../avr/lib/avr5\libc.a(memset.o)
 .data          0x00800060        0x0 c:/program files (x86)/atmel/atmel toolchain/avr8 gcc/native/3.4.1056/avr8-gnu-toolchain/bin/../lib/gcc/avr/4.8.1/../../../../avr/lib/avr5\libc.a(strncpy.o)
 *(.data*)
 .data.xNextTaskUnblockTime
                0x00800060        0x2 tasks.o
 *(.rodata)
 *(.rodata*)
 .rodata.str1.1
                0x00800062        0xb main.o
 .rodata.str1.1
                0x0080006d        0x5 tasks.o
 *(.gnu.linkonce.d*)
                0x00800072                . = ALIGN (0x2)
                0x00800072                _edata = .
                0x00800072                PROVIDE (__data_end, .)

.bss            0x00800072      0x639
                0x00800072                PROVIDE (__bss_start, .)
 *(.bss)
 *(.bss*)
 .bss.xNextFreeByte
                0x00800072        0x2 heap_1.o
 .bss.xHeap     0x00800074      0x5dc heap_1.o
 .bss.uxTaskNumber
                0x00800650        0x1 tasks.o
 .bss.xNumOfOverflows
                0x00800651        0x1 tasks.o
 .bss.xMissedYield
                0x00800652        0x1 tasks.o
 .bss.uxMissedTicks
                0x00800653        0x1 tasks.o
 .bss.uxSchedulerSuspended
                0x00800654        0x1 tasks.o
 .bss.xSchedulerRunning
                0x00800655        0x1 tasks.o
 .bss.uxTopReadyPriority
                0x00800656        0x1 tasks.o
 .bss.uxTopUsedPriority
                0x00800657        0x1 tasks.o
 .bss.xTickCount
                0x00800658        0x2 tasks.o
 .bss.uxCurrentNumberOfTasks
                0x0080065a        0x1 tasks.o
 .bss.uxTasksDeleted
                0x0080065b        0x1 tasks.o
 .bss.xTasksWaitingTermination
                0x0080065c        0x9 tasks.o
 .bss.xPendingReadyList
                0x00800665        0x9 tasks.o
 .bss.pxOverflowDelayedTaskList
                0x0080066e        0x2 tasks.o
 .bss.pxDelayedTaskList
                0x00800670        0x2 tasks.o
 .bss.xDelayedTaskList2
                0x00800672        0x9 tasks.o
 .bss.xDelayedTaskList1
                0x0080067b        0x9 tasks.o
 .bss.pxReadyTasksLists
                0x00800684       0x24 tasks.o
 .bss.pxCurrentTCB
                0x008006a8        0x2 tasks.o
                0x008006a8                pxCurrentTCB
 *(COMMON)
 COMMON         0x008006aa        0x1 main.o
                0x008006aa                led_state
                0x008006ab                PROVIDE (__bss_end, .)
                0x00000e32                __data_load_start = LOADADDR (.data)
                0x00000e44                __data_load_end = (__data_load_start + SIZEOF (.data))

.noinit         0x008006ab        0x0
                0x008006ab                PROVIDE (__noinit_start, .)
 *(.noinit*)
                0x008006ab                PROVIDE (__noinit_end, .)
                0x008006ab                _end = .
                0x008006ab                PROVIDE (__heap_start, .)

.eeprom         0x00810000        0x0
 *(.eeprom*)
                0x00810000                __eeprom_end = .

.fuse
 *(.fuse)
 *(.lfuse)
 *(.hfuse)
 *(.efuse)

.lock
 *(.lock*)

.signature
 *(.signature*)

.user_signatures
 *(.user_signatures*)

.stab
 *(.stab)

.stabstr
 *(.stabstr)

.stab.excl
 *(.stab.excl)

.stab.exclstr
 *(.stab.exclstr)

.stab.index
 *(.stab.index)

.stab.indexstr
 *(.stab.indexstr)

.comment        0x00000000       0x30
 *(.comment)
 .comment       0x00000000       0x30 croutine.o
                                 0x31 (size before relaxing)
 .comment       0x00000000       0x31 heap_1.o
 .comment       0x00000000       0x31 list.o
 .comment       0x00000000       0x31 main.o
 .comment       0x00000000       0x31 port.o
 .comment       0x00000000       0x31 queue.o
 .comment       0x00000000       0x31 tasks.o
 .comment       0x00000000       0x31 timers.o

.note.gnu.build-id
 *(.note.gnu.build-id)

.debug
 *(.debug)

.line
 *(.line)

.debug_srcinfo
 *(.debug_srcinfo)

.debug_sfnames
 *(.debug_sfnames)

.debug_aranges  0x00000000      0x290
 *(.debug_aranges)
 .debug_aranges
                0x00000000       0x38 croutine.o
 .debug_aranges
                0x00000038       0x38 heap_1.o
 .debug_aranges
                0x00000070       0x40 list.o
 .debug_aranges
                0x000000b0       0x40 main.o
 .debug_aranges
                0x000000f0       0x48 port.o
 .debug_aranges
                0x00000138       0x90 queue.o
 .debug_aranges
                0x000001c8       0xb0 tasks.o
 .debug_aranges
                0x00000278       0x18 timers.o

.debug_pubnames
 *(.debug_pubnames)

.debug_info     0x00000000     0x394a
 *(.debug_info .gnu.linkonce.wi.*)
 .debug_info    0x00000000      0x7c3 croutine.o
 .debug_info    0x000007c3      0x1b2 heap_1.o
 .debug_info    0x00000975      0x2c5 list.o
 .debug_info    0x00000c3a      0x31d main.o
 .debug_info    0x00000f57      0x23c port.o
 .debug_info    0x00001193     0x11f8 queue.o
 .debug_info    0x0000238b     0x1550 tasks.o
 .debug_info    0x000038db       0x6f timers.o

.debug_abbrev   0x00000000      0xe28
 *(.debug_abbrev)
 .debug_abbrev  0x00000000      0x271 croutine.o
 .debug_abbrev  0x00000271      0x14b heap_1.o
 .debug_abbrev  0x000003bc       0xf9 list.o
 .debug_abbrev  0x000004b5      0x1b5 main.o
 .debug_abbrev  0x0000066a      0x157 port.o
 .debug_abbrev  0x000007c1      0x27b queue.o
 .debug_abbrev  0x00000a3c      0x3c3 tasks.o
 .debug_abbrev  0x00000dff       0x29 timers.o

.debug_line     0x00000000     0x27c8
 *(.debug_line .debug_line.* .debug_line_end)
 .debug_line    0x00000000      0x472 croutine.o
 .debug_line    0x00000472      0x3de heap_1.o
 .debug_line    0x00000850      0x3f7 list.o
 .debug_line    0x00000c47      0x4d2 main.o
 .debug_line    0x00001119      0x443 port.o
 .debug_line    0x0000155c      0x783 queue.o
 .debug_line    0x00001cdf      0x75d tasks.o
 .debug_line    0x0000243c      0x38c timers.o

.debug_frame    0x00000000      0x700
 *(.debug_frame)
 .debug_frame   0x00000000       0xb4 croutine.o
 .debug_frame   0x000000b4       0x60 heap_1.o
 .debug_frame   0x00000114       0x88 list.o
 .debug_frame   0x0000019c       0x88 main.o
 .debug_frame   0x00000224       0x74 port.o
 .debug_frame   0x00000298      0x230 queue.o
 .debug_frame   0x000004c8      0x238 tasks.o

.debug_str      0x00000000     0xce14
 *(.debug_str)
 .debug_str     0x00000000     0x7f5c croutine.o
                               0x8082 (size before relaxing)
 .debug_str     0x00007f5c      0x2da heap_1.o
                               0x78ae (size before relaxing)
 .debug_str     0x00008236       0x54 list.o
                               0x75a4 (size before relaxing)
 .debug_str     0x0000828a     0x256c main.o
                               0xa3cf (size before relaxing)
 .debug_str     0x0000a7f6      0x911 port.o
                               0x8447 (size before relaxing)
 .debug_str     0x0000b107      0x748 queue.o
                               0x8813 (size before relaxing)
 .debug_str     0x0000b84f      0xe3c tasks.o
                               0x9000 (size before relaxing)
 .debug_str     0x0000c68b      0x789 timers.o
                               0x83e8 (size before relaxing)

.debug_loc      0x00000000     0x2fc1
 *(.debug_loc)
 .debug_loc     0x00000000      0x469 croutine.o
 .debug_loc     0x00000469       0xe3 heap_1.o
 .debug_loc     0x0000054c      0x139 list.o
 .debug_loc     0x00000685       0x9c main.o
 .debug_loc     0x00000721      0x2ac port.o
 .debug_loc     0x000009cd     0x1869 queue.o
 .debug_loc     0x00002236      0xd8b tasks.o

.debug_macinfo
 *(.debug_macinfo)

.debug_weaknames
 *(.debug_weaknames)

.debug_funcnames
 *(.debug_funcnames)

.debug_typenames
 *(.debug_typenames)

.debug_varnames
 *(.debug_varnames)

.debug_pubtypes
 *(.debug_pubtypes)

.debug_ranges   0x00000000      0x448
 *(.debug_ranges)
 .debug_ranges  0x00000000       0x58 croutine.o
 .debug_ranges  0x00000058       0x28 heap_1.o
 .debug_ranges  0x00000080       0x30 list.o
 .debug_ranges  0x000000b0       0x48 main.o
 .debug_ranges  0x000000f8       0x38 port.o
 .debug_ranges  0x00000130      0x110 queue.o
 .debug_ranges  0x00000240      0x208 tasks.o

.debug_macro    0x00000000     0x3be2
 *(.debug_macro)
 .debug_macro   0x00000000      0x107 croutine.o
 .debug_macro   0x00000107      0xa24 croutine.o
 .debug_macro   0x00000b2b      0x166 croutine.o
 .debug_macro   0x00000c91       0x46 croutine.o
 .debug_macro   0x00000cd7       0x10 croutine.o
 .debug_macro   0x00000ce7      0x1ad croutine.o
 .debug_macro   0x00000e94      0x293 croutine.o
 .debug_macro   0x00001127       0x9e croutine.o
 .debug_macro   0x000011c5      0xbfa croutine.o
 .debug_macro   0x00001dbf      0x170 croutine.o
 .debug_macro   0x00001f2f       0xbd croutine.o
 .debug_macro   0x00001fec       0x34 croutine.o
 .debug_macro   0x00002020       0x18 croutine.o
 .debug_macro   0x00002038       0x6c croutine.o
 .debug_macro   0x000020a4       0x88 croutine.o
 .debug_macro   0x0000212c       0x7f croutine.o
 .debug_macro   0x000021ab       0x12 croutine.o
 .debug_macro   0x000021bd       0x1f croutine.o
 .debug_macro   0x000021dc      0x211 croutine.o
 .debug_macro   0x000023ed       0x49 croutine.o
 .debug_macro   0x00002436       0x57 croutine.o
 .debug_macro   0x0000248d       0x49 croutine.o
 .debug_macro   0x000024d6      0x115 heap_1.o
 .debug_macro   0x000025eb       0x1c heap_1.o
 .debug_macro   0x00002607      0x10e heap_1.o
 .debug_macro   0x00002715       0x66 heap_1.o
 .debug_macro   0x0000277b       0x7f heap_1.o
 .debug_macro   0x000027fa       0xfa list.o
 .debug_macro   0x000028f4      0x184 main.o
 .debug_macro   0x00002a78      0x299 main.o
 .debug_macro   0x00002d11       0x58 main.o
 .debug_macro   0x00002d69       0x10 main.o
 .debug_macro   0x00002d79       0x20 main.o
 .debug_macro   0x00002d99       0xeb main.o
 .debug_macro   0x00002e84       0x22 main.o
 .debug_macro   0x00002ea6       0x16 main.o
 .debug_macro   0x00002ebc      0x167 main.o
 .debug_macro   0x00003023       0xaa main.o
 .debug_macro   0x000030cd       0x69 main.o
 .debug_macro   0x00003136       0x88 main.o
 .debug_macro   0x000031be       0x35 main.o
 .debug_macro   0x000031f3       0x10 main.o
 .debug_macro   0x00003203       0x35 main.o
 .debug_macro   0x00003238       0xe2 main.o
 .debug_macro   0x0000331a       0x8e main.o
 .debug_macro   0x000033a8      0x13d port.o
 .debug_macro   0x000034e5       0x63 port.o
 .debug_macro   0x00003548      0x1a3 queue.o
 .debug_macro   0x000036eb      0x1a8 tasks.o
 .debug_macro   0x00003893       0x97 tasks.o
 .debug_macro   0x0000392a       0x97 tasks.o
 .debug_macro   0x000039c1       0x5b tasks.o
 .debug_macro   0x00003a1c       0x16 tasks.o
 .debug_macro   0x00003a32      0x11a timers.o
 .debug_macro   0x00003b4c       0x96 timers.o
OUTPUT([cslogin]_lab3_part1.elf elf32-avr)
LOAD linker stubs
